2026-09-14 18:17:49,068 INFO portfolio.pricing: Nobitex request started: asset=btc symbol=BTCUSDT url=https://api.nobitex.ir/v3/orderbook/BTCUSDT
2026-09-14 18:17:49,069 WARNING portfolio.pricing: Nobitex connection failed: asset=btc symbol=BTCUSDT reason=HTTPSConnectionPool(host='api.nobitex.ir', port=443): Max retries exceeded with url: /v3/orderbook/BTCUSDT (Caused by NameResolutionError("HTTPSConnection(host='api.nobitex.ir', port=443): Failed to resolve 'api.nobitex.ir' ([Errno -2] Name or service not known)"))
2026-09-14 18:17:49,069 WARNING portfolio.pricing: Price refresh failed: provider=NOBITEX asset=btc reason=Cannot resolve or connect to api.nobitex.ir.
2026-09-14 18:17:49,070 INFO portfolio.pricing: Nobitex request started: asset=usdt symbol=USDT url=https://api.nobitex.ir/v3/orderbook/USDT
2026-09-14 18:17:49,070 WARNING portfolio.pricing: Nobitex connection failed: asset=usdt symbol=USDT reason=HTTPSConnectionPool(host='api.nobitex.ir', port=443): Max retries exceeded with url: /v3/orderbook/USDT (Caused by NameResolutionError("HTTPSConnection(host='api.nobitex.ir', port=443): Failed to resolve 'api.nobitex.ir' ([Errno -2] Name or service not known)"))
2026-09-14 18:17:49,070 WARNING portfolio.pricing: Price refresh failed: provider=NOBITEX asset=usdt reason=Cannot resolve or connect to api.nobitex.ir.
2026-09-14 18:17:49,070 INFO portfolio.pricing: Nobitex request started: asset=usdtirt symbol=USDTIRT url=https://api.nobitex.ir/v3/orderbook/USDTIRT
2026-09-14 18:17:49,071 WARNING portfolio.pricing: Nobitex connection failed: asset=usdtirt symbol=USDTIRT reason=HTTPSConnectionPool(host='api.nobitex.ir', port=443): Max retries exceeded with url: /v3/orderbook/USDTIRT (Caused by NameResolutionError("HTTPSConnection(host='api.nobitex.ir', port=443): Failed to resolve 'api.nobitex.ir' ([Errno -2] Name or service not known)"))
2026-09-14 18:17:49,071 WARNING portfolio.pricing: Price refresh failed: provider=NOBITEX asset=usdtirt reason=Cannot resolve or connect to api.nobitex.ir.
2026-09-14 18:17:49,072 INFO portfolio.pricing: Price refresh skipped: provider=RAHAVARD reason=throttled interval=60s
2026-09-14 18:18:15,203 INFO portfolio.pricing: Nobitex request started: asset=btc symbol=BTCUSDT url=https://api.nobitex.ir/v3/orderbook/BTCUSDT
2026-09-14 18:18:15,371 WARNING portfolio.pricing: Nobitex connection failed: asset=btc symbol=BTCUSDT reason=HTTPSConnectionPool(host='api.nobitex.ir', port=443): Max retries exceeded with url: /v3/orderbook/BTCUSDT (Caused by NameResolutionError("HTTPSConnection(host='api.nobitex.ir', port=443): Failed to resolve 'api.nobitex.ir' ([Errno -2] Name or service not known)"))
2026-09-14 18:18:15,372 WARNING portfolio.pricing: Price refresh failed: provider=NOBITEX asset=btc reason=Cannot resolve or connect to api.nobitex.ir.
2026-09-14 18:18:15,372 INFO portfolio.pricing: Nobitex request started: asset=usdt symbol=USDT url=https://api.nobitex.ir/v3/orderbook/USDT
2026-09-14 18:18:15,531 WARNING portfolio.pricing: Nobitex connection failed: asset=usdt symbol=USDT reason=HTTPSConnectionPool(host='api.nobitex.ir', port=443): Max retries exceeded with url: /v3/orderbook/USDT (Caused by NameResolutionError("HTTPSConnection(host='api.nobitex.ir', port=443): Failed to resolve 'api.nobitex.ir' ([Errno -2] Name or service not known)"))
2026-09-14 18:18:15,531 WARNING portfolio.pricing: Price refresh failed: provider=NOBITEX asset=usdt reason=Cannot resolve or connect to api.nobitex.ir.
2026-09-14 18:18:15,531 INFO portfolio.pricing: Nobitex request started: asset=usdtirt symbol=USDTIRT url=https://api.nobitex.ir/v3/orderbook/USDTIRT
2026-09-14 18:18:15,692 WARNING portfolio.pricing: Nobitex connection failed: asset=usdtirt symbol=USDTIRT reason=HTTPSConnectionPool(host='api.nobitex.ir', port=443): Max retries exceeded with url: /v3/orderbook/USDTIRT (Caused by NameResolutionError("HTTPSConnection(host='api.nobitex.ir', port=443): Failed to resolve 'api.nobitex.ir' ([Errno -2] Name or service not known)"))
2026-09-14 18:18:15,692 WARNING portfolio.pricing: Price refresh failed: provider=NOBITEX asset=usdtirt reason=Cannot resolve or connect to api.nobitex.ir.
2026-09-15 12:16:57,933 INFO portfolio.pricing: Nobitex request started: asset=BTCIRT market=btc-rls url=https://apiv2.nobitex.ir/market/stats
2026-09-15 12:16:57,933 INFO portfolio.pricing: Nobitex response received: asset=BTCIRT market=btc-rls http_status=<Mock name='get().status_code' id='125138699711360'>
2026-09-15 12:16:57,934 INFO portfolio.pricing: Nobitex price parsed: asset=BTCIRT market=btc-rls price=12345 currency=IRT captured_at=2026-09-15T08:46:57.934072+00:00
2026-09-15 12:16:57,935 INFO portfolio.pricing: Nobitex request started: asset=BTCUSDT market=btc-usdt url=https://apiv2.nobitex.ir/market/stats
2026-09-15 12:16:57,935 INFO portfolio.pricing: Nobitex response received: asset=BTCUSDT market=btc-usdt http_status=<Mock name='get().status_code' id='125138699712032'>
2026-09-15 12:16:57,935 INFO portfolio.pricing: Nobitex price parsed: asset=BTCUSDT market=btc-usdt price=65000.5 currency=USDT captured_at=2026-09-15T08:46:57.935635+00:00
2026-09-15 12:18:22,705 INFO portfolio.pricing: Nobitex request started: asset=btc market=btc-usdt url=https://apiv2.nobitex.ir/market/stats
2026-09-15 12:18:22,854 INFO portfolio.pricing: Nobitex response received: asset=btc market=btc-usdt http_status=200
2026-09-15 12:18:22,855 INFO portfolio.pricing: Nobitex price parsed: asset=btc market=btc-usdt price=76920 currency=USDT captured_at=2026-09-15T08:48:22.855142+00:00
2026-09-15 12:18:22,860 INFO portfolio.pricing: Price snapshot stored: provider=NOBITEX asset=btc price=76920 currency=USDT
2026-09-15 12:18:22,860 WARNING portfolio.pricing: Price refresh failed: provider=NOBITEX asset=usdt reason=Use a Nobitex pair such as BTCUSDT or USDTIRT.
2026-09-15 12:18:22,860 INFO portfolio.pricing: Nobitex request started: asset=usdtirt market=usdt-rls url=https://apiv2.nobitex.ir/market/stats
2026-09-15 12:18:22,994 INFO portfolio.pricing: Nobitex response received: asset=usdtirt market=usdt-rls http_status=200
2026-09-15 12:18:22,995 INFO portfolio.pricing: Nobitex price parsed: asset=usdtirt market=usdt-rls price=229513 currency=IRT captured_at=2026-09-15T08:48:22.995010+00:00
2026-09-15 12:18:23,008 INFO portfolio.pricing: Price snapshot stored: provider=NOBITEX asset=usdtirt price=229513 currency=IRT
2026-09-15 12:23:25,785 INFO portfolio.pricing: Nobitex request started: asset=USDT market=usdt-rls url=https://apiv2.nobitex.ir/market/stats
2026-09-15 12:23:25,937 INFO portfolio.pricing: Nobitex response received: asset=USDT market=usdt-rls http_status=200
2026-09-15 12:23:25,937 INFO portfolio.pricing: Nobitex price parsed: asset=USDT market=usdt-rls price=229512 currency=IRT captured_at=2026-09-15T08:53:25.937823+00:00
2026-09-15 12:23:25,951 INFO portfolio.pricing: Price snapshot stored: provider=NOBITEX asset=USDT price=229512 currency=IRT
2026-09-15 12:33:38,563 INFO portfolio.pricing: Nobitex request started: asset=BTC market=btc-usdt url=https://apiv2.nobitex.ir/market/stats
2026-09-15 12:33:38,715 INFO portfolio.pricing: Nobitex response received: asset=BTC market=btc-usdt http_status=200
2026-09-15 12:33:38,716 INFO portfolio.pricing: Nobitex price parsed: asset=BTC market=btc-usdt price=76920 currency=USDT captured_at=2026-09-15T09:03:38.716522+00:00
2026-09-15 12:33:38,729 INFO portfolio.pricing: Price snapshot stored: provider=NOBITEX asset=BTC price=76920 currency=USDT
2026-09-15 12:33:38,730 INFO portfolio.pricing: Nobitex request started: asset=USDT market=usdt-rls url=https://apiv2.nobitex.ir/market/stats
2026-09-15 12:33:39,071 INFO portfolio.pricing: Nobitex response received: asset=USDT market=usdt-rls http_status=200
2026-09-15 12:33:39,072 INFO portfolio.pricing: Nobitex price parsed: asset=USDT market=usdt-rls price=229400 currency=IRT captured_at=2026-09-15T09:03:39.072271+00:00
2026-09-15 12:33:39,086 INFO portfolio.pricing: Price snapshot stored: provider=NOBITEX asset=USDT price=229400 currency=IRT
2026-09-15 12:37:51,206 INFO portfolio.pricing: Nobitex request started: asset=BTCIRT market=btc-rls url=https://apiv2.nobitex.ir/market/stats
2026-09-15 12:37:51,206 INFO portfolio.pricing: Nobitex response received: asset=BTCIRT market=btc-rls http_status=<Mock name='get().status_code' id='131452033862352'>
2026-09-15 12:37:51,206 INFO portfolio.pricing: Nobitex price parsed: asset=BTCIRT market=btc-rls price=12345 currency=IRT captured_at=2026-09-15T09:07:51.206977+00:00
2026-09-15 12:37:51,207 INFO portfolio.pricing: Nobitex request started: asset=BTCUSDT market=btc-usdt url=https://apiv2.nobitex.ir/market/stats
2026-09-15 12:37:51,207 INFO portfolio.pricing: Nobitex response received: asset=BTCUSDT market=btc-usdt http_status=<Mock name='get().status_code' id='131452033863024'>
2026-09-15 12:37:51,208 INFO portfolio.pricing: Nobitex price parsed: asset=BTCUSDT market=btc-usdt price=65000.5 currency=USDT captured_at=2026-09-15T09:07:51.208074+00:00
2026-09-15 12:38:07,976 INFO portfolio.pricing: Nobitex request started: asset=BTCIRT market=btc-rls url=https://apiv2.nobitex.ir/market/stats
2026-09-15 12:38:07,977 INFO portfolio.pricing: Nobitex response received: asset=BTCIRT market=btc-rls http_status=<Mock name='get().status_code' id='126846925065248'>
2026-09-15 12:38:07,977 INFO portfolio.pricing: Nobitex price parsed: asset=BTCIRT market=btc-rls price=12345 currency=IRT captured_at=2026-09-15T09:08:07.977239+00:00
2026-09-15 12:38:07,977 INFO portfolio.pricing: Nobitex request started: asset=BTCUSDT market=btc-usdt url=https://apiv2.nobitex.ir/market/stats
2026-09-15 12:38:07,978 INFO portfolio.pricing: Nobitex response received: asset=BTCUSDT market=btc-usdt http_status=<Mock name='get().status_code' id='126846925065920'>
2026-09-15 12:38:07,978 INFO portfolio.pricing: Nobitex price parsed: asset=BTCUSDT market=btc-usdt price=65000.5 currency=USDT captured_at=2026-09-15T09:08:07.978165+00:00
2026-09-15 12:38:50,693 INFO portfolio.pricing: Nobitex request started: asset=BTC market=btc-usdt url=https://apiv2.nobitex.ir/market/stats
2026-09-15 12:38:50,830 INFO portfolio.pricing: Nobitex response received: asset=BTC market=btc-usdt http_status=200
2026-09-15 12:38:50,830 INFO portfolio.pricing: Nobitex price parsed: asset=BTC market=btc-usdt price=76999.99 currency=USDT captured_at=2026-09-15T09:08:50.830493+00:00
2026-09-15 12:38:50,845 INFO portfolio.pricing: Price snapshot stored: provider=NOBITEX asset=BTC price=76999.99 currency=USDT
2026-09-15 12:38:50,846 INFO portfolio.pricing: Nobitex request started: asset=USDT market=usdt-rls url=https://apiv2.nobitex.ir/market/stats
2026-09-15 12:38:51,082 INFO portfolio.pricing: Nobitex response received: asset=USDT market=usdt-rls http_status=200
2026-09-15 12:38:51,082 INFO portfolio.pricing: Nobitex price parsed: asset=USDT market=usdt-rls price=229585 currency=IRT captured_at=2026-09-15T09:08:51.082879+00:00
2026-09-15 12:38:51,093 INFO portfolio.pricing: Price snapshot stored: provider=NOBITEX asset=USDT price=229585 currency=IRT
2026-09-15 12:42:01,614 INFO portfolio.pricing: Nobitex request started: asset=BTCIRT market=btc-rls url=https://apiv2.nobitex.ir/market/stats
2026-09-15 12:42:01,614 INFO portfolio.pricing: Nobitex response received: asset=BTCIRT market=btc-rls http_status=<Mock name='get().status_code' id='140419367586512'>
2026-09-15 12:42:01,615 INFO portfolio.pricing: Nobitex price parsed: asset=BTCIRT market=btc-rls price=12345 currency=IRT captured_at=2026-09-15T09:12:01.615018+00:00
2026-09-15 12:42:01,618 INFO portfolio.pricing: Nobitex request started: asset=BTCUSDT market=btc-usdt url=https://apiv2.nobitex.ir/market/stats
2026-09-15 12:42:01,618 INFO portfolio.pricing: Nobitex response received: asset=BTCUSDT market=btc-usdt http_status=<Mock name='get().status_code' id='140419367585840'>
2026-09-15 12:42:01,618 INFO portfolio.pricing: Nobitex price parsed: asset=BTCUSDT market=btc-usdt price=65000.5 currency=USDT captured_at=2026-09-15T09:12:01.618735+00:00
2026-09-15 12:43:49,422 INFO portfolio.pricing: Nobitex request started: asset=ETH market=eth-usdt url=https://apiv2.nobitex.ir/market/stats
2026-09-15 12:43:49,551 INFO portfolio.pricing: Nobitex response received: asset=ETH market=eth-usdt http_status=200
2026-09-15 12:43:49,551 INFO portfolio.pricing: Nobitex price parsed: asset=ETH market=eth-usdt price=2475.58 currency=USDT captured_at=2026-09-15T09:13:49.551684+00:00
2026-09-15 12:43:49,565 INFO portfolio.pricing: Price snapshot stored: provider=NOBITEX asset=ETH price=2475.58 currency=USDT
2026-09-15 12:43:49,565 INFO portfolio.pricing: Nobitex request started: asset=BTC market=btc-usdt url=https://apiv2.nobitex.ir/market/stats
2026-09-15 12:43:49,694 INFO portfolio.pricing: Nobitex response received: asset=BTC market=btc-usdt http_status=200
2026-09-15 12:43:49,694 INFO portfolio.pricing: Nobitex price parsed: asset=BTC market=btc-usdt price=76999 currency=USDT captured_at=2026-09-15T09:13:49.694910+00:00
2026-09-15 12:43:49,708 INFO portfolio.pricing: Price snapshot stored: provider=NOBITEX asset=BTC price=76999 currency=USDT
2026-09-15 12:43:49,708 INFO portfolio.pricing: Nobitex request started: asset=USDT market=usdt-rls url=https://apiv2.nobitex.ir/market/stats
2026-09-15 12:43:49,837 INFO portfolio.pricing: Nobitex response received: asset=USDT market=usdt-rls http_status=200
2026-09-15 12:43:49,837 INFO portfolio.pricing: Nobitex price parsed: asset=USDT market=usdt-rls price=229799 currency=IRT captured_at=2026-09-15T09:13:49.837809+00:00
2026-09-15 12:43:49,850 INFO portfolio.pricing: Price snapshot stored: provider=NOBITEX asset=USDT price=229799 currency=IRT
2026-09-15 12:50:21,863 INFO portfolio.pricing: Nobitex request started: asset=BTCIRT market=btc-rls url=https://apiv2.nobitex.ir/market/stats
2026-09-15 12:50:21,864 INFO portfolio.pricing: Nobitex response received: asset=BTCIRT market=btc-rls http_status=<Mock name='get().status_code' id='133903151645424'>
2026-09-15 12:50:21,864 INFO portfolio.pricing: Nobitex price parsed: asset=BTCIRT market=btc-rls price=12345 currency=IRT captured_at=2026-09-15T09:20:21.864205+00:00
2026-09-15 12:50:21,867 INFO portfolio.pricing: Nobitex request started: asset=BTCUSDT market=btc-usdt url=https://apiv2.nobitex.ir/market/stats
2026-09-15 12:50:21,867 INFO portfolio.pricing: Nobitex response received: asset=BTCUSDT market=btc-usdt http_status=<Mock name='get().status_code' id='133903151648112'>
2026-09-15 12:50:21,867 INFO portfolio.pricing: Nobitex price parsed: asset=BTCUSDT market=btc-usdt price=65000.5 currency=USDT captured_at=2026-09-15T09:20:21.867873+00:00
2026-09-15 12:50:28,326 INFO portfolio.pricing: Nobitex request started: asset=BTCIRT market=btc-rls url=https://apiv2.nobitex.ir/market/stats
2026-09-15 12:50:28,326 INFO portfolio.pricing: Nobitex response received: asset=BTCIRT market=btc-rls http_status=<Mock name='get().status_code' id='125992119582800'>
2026-09-15 12:50:28,327 INFO portfolio.pricing: Nobitex price parsed: asset=BTCIRT market=btc-rls price=12345 currency=IRT captured_at=2026-09-15T09:20:28.327060+00:00
2026-09-15 12:50:28,330 INFO portfolio.pricing: Nobitex request started: asset=BTCUSDT market=btc-usdt url=https://apiv2.nobitex.ir/market/stats
2026-09-15 12:50:28,330 INFO portfolio.pricing: Nobitex response received: asset=BTCUSDT market=btc-usdt http_status=<Mock name='get().status_code' id='125992118420544'>
2026-09-15 12:50:28,330 INFO portfolio.pricing: Nobitex price parsed: asset=BTCUSDT market=btc-usdt price=65000.5 currency=USDT captured_at=2026-09-15T09:20:28.330935+00:00
2026-09-15 12:50:39,987 INFO portfolio.pricing: Nobitex request started: asset=BTCIRT market=btc-rls url=https://apiv2.nobitex.ir/market/stats
2026-09-15 12:50:39,987 INFO portfolio.pricing: Nobitex response received: asset=BTCIRT market=btc-rls http_status=<Mock name='get().status_code' id='129866654839008'>
2026-09-15 12:50:39,987 INFO portfolio.pricing: Nobitex price parsed: asset=BTCIRT market=btc-rls price=12345 currency=IRT captured_at=2026-09-15T09:20:39.987699+00:00
2026-09-15 12:50:39,991 INFO portfolio.pricing: Nobitex request started: asset=BTCUSDT market=btc-usdt url=https://apiv2.nobitex.ir/market/stats
2026-09-15 12:50:39,991 INFO portfolio.pricing: Nobitex response received: asset=BTCUSDT market=btc-usdt http_status=<Mock name='get().status_code' id='129866654841024'>
2026-09-15 12:50:39,991 INFO portfolio.pricing: Nobitex price parsed: asset=BTCUSDT market=btc-usdt price=65000.5 currency=USDT captured_at=2026-09-15T09:20:39.991364+00:00
2026-09-15 12:54:45,332 INFO portfolio.pricing: Nobitex request started: asset=BTCIRT market=btc-rls url=https://apiv2.nobitex.ir/market/stats
2026-09-15 12:54:45,332 INFO portfolio.pricing: Nobitex response received: asset=BTCIRT market=btc-rls http_status=<Mock name='get().status_code' id='126227163406960'>
2026-09-15 12:54:45,332 INFO portfolio.pricing: Nobitex price parsed: asset=BTCIRT market=btc-rls price=12345 currency=IRT captured_at=2026-09-15T09:24:45.332420+00:00
2026-09-15 12:54:45,336 INFO portfolio.pricing: Nobitex request started: asset=BTCUSDT market=btc-usdt url=https://apiv2.nobitex.ir/market/stats
2026-09-15 12:54:45,336 INFO portfolio.pricing: Nobitex response received: asset=BTCUSDT market=btc-usdt http_status=<Mock name='get().status_code' id='126227163408976'>
2026-09-15 12:54:45,336 INFO portfolio.pricing: Nobitex price parsed: asset=BTCUSDT market=btc-usdt price=65000.5 currency=USDT captured_at=2026-09-15T09:24:45.336756+00:00
2026-09-15 13:49:02,755 INFO portfolio.pricing: Nobitex request started: asset=ETH market=eth-usdt url=https://apiv2.nobitex.ir/market/stats
2026-09-15 13:49:02,982 INFO portfolio.pricing: Nobitex response received: asset=ETH market=eth-usdt http_status=200
2026-09-15 13:49:02,982 INFO portfolio.pricing: Nobitex price parsed: asset=ETH market=eth-usdt price=2478.2 currency=USDT captured_at=2026-09-15T10:19:02.982319+00:00
2026-09-15 13:49:02,994 INFO portfolio.pricing: Price snapshot stored: provider=NOBITEX asset=ETH price=2478.2 currency=USDT
2026-09-15 13:49:02,994 INFO portfolio.pricing: Nobitex request started: asset=BTC market=btc-usdt url=https://apiv2.nobitex.ir/market/stats
2026-09-15 13:49:03,230 INFO portfolio.pricing: Nobitex response received: asset=BTC market=btc-usdt http_status=200
2026-09-15 13:49:03,231 INFO portfolio.pricing: Nobitex price parsed: asset=BTC market=btc-usdt price=77000.27 currency=USDT captured_at=2026-09-15T10:19:03.230995+00:00
2026-09-15 13:49:03,245 INFO portfolio.pricing: Price snapshot stored: provider=NOBITEX asset=BTC price=77000.27 currency=USDT
2026-09-15 13:49:03,245 INFO portfolio.pricing: Nobitex request started: asset=USDT market=usdt-rls url=https://apiv2.nobitex.ir/market/stats
2026-09-15 13:49:03,444 INFO portfolio.pricing: Nobitex response received: asset=USDT market=usdt-rls http_status=200
2026-09-15 13:49:03,445 INFO portfolio.pricing: Nobitex price parsed: asset=USDT market=usdt-rls price=230101 currency=IRT captured_at=2026-09-15T10:19:03.445020+00:00
2026-09-15 13:49:03,459 INFO portfolio.pricing: Price snapshot stored: provider=NOBITEX asset=USDT price=230101 currency=IRT
2026-09-15 13:53:02,625 INFO portfolio.pricing: Nobitex request started: asset=ETH market=eth-usdt url=https://apiv2.nobitex.ir/market/stats
2026-09-15 13:53:02,748 INFO portfolio.pricing: Nobitex response received: asset=ETH market=eth-usdt http_status=200
2026-09-15 13:53:02,748 INFO portfolio.pricing: Nobitex price parsed: asset=ETH market=eth-usdt price=2478.21 currency=USDT captured_at=2026-09-15T10:23:02.748782+00:00
2026-09-15 13:53:02,760 INFO portfolio.pricing: Price snapshot stored: provider=NOBITEX asset=ETH price=2478.21 currency=USDT
2026-09-15 13:53:02,760 INFO portfolio.pricing: Nobitex request started: asset=BTC market=btc-usdt url=https://apiv2.nobitex.ir/market/stats
2026-09-15 13:53:02,896 INFO portfolio.pricing: Nobitex response received: asset=BTC market=btc-usdt http_status=200
2026-09-15 13:53:02,896 INFO portfolio.pricing: Nobitex price parsed: asset=BTC market=btc-usdt price=77000 currency=USDT captured_at=2026-09-15T10:23:02.896678+00:00
2026-09-15 13:53:02,910 INFO portfolio.pricing: Price snapshot stored: provider=NOBITEX asset=BTC price=77000 currency=USDT
2026-09-15 13:53:02,910 INFO portfolio.pricing: Nobitex request started: asset=USDT market=usdt-rls url=https://apiv2.nobitex.ir/market/stats
2026-09-15 13:53:03,032 INFO portfolio.pricing: Nobitex response received: asset=USDT market=usdt-rls http_status=200
2026-09-15 13:53:03,033 INFO portfolio.pricing: Nobitex price parsed: asset=USDT market=usdt-rls price=230437 currency=IRT captured_at=2026-09-15T10:23:03.033058+00:00
2026-09-15 13:53:03,046 INFO portfolio.pricing: Price snapshot stored: provider=NOBITEX asset=USDT price=230437 currency=IRT
2026-09-15 18:07:43,950 INFO portfolio.pricing: Nobitex request started: asset=BTCIRT market=btc-rls url=https://apiv2.nobitex.ir/market/stats
2026-09-15 18:07:43,950 INFO portfolio.pricing: Nobitex response received: asset=BTCIRT market=btc-rls http_status=<Mock name='get().status_code' id='132331365655152'>
2026-09-15 18:07:43,950 INFO portfolio.pricing: Nobitex price parsed: asset=BTCIRT market=btc-rls price=12345 currency=IRT captured_at=2026-09-15T14:37:43.950406+00:00
2026-09-15 18:07:43,953 INFO portfolio.pricing: Nobitex request started: asset=BTCUSDT market=btc-usdt url=https://apiv2.nobitex.ir/market/stats
2026-09-15 18:07:43,954 INFO portfolio.pricing: Nobitex response received: asset=BTCUSDT market=btc-usdt http_status=<Mock name='get().status_code' id='132331365657168'>
2026-09-15 18:07:43,954 INFO portfolio.pricing: Nobitex price parsed: asset=BTCUSDT market=btc-usdt price=65000.5 currency=USDT captured_at=2026-09-15T14:37:43.954227+00:00
2026-09-15 18:12:55,911 INFO portfolio.pricing: Nobitex request started: asset=BTCIRT market=btc-rls url=https://apiv2.nobitex.ir/market/stats
2026-09-15 18:12:55,911 INFO portfolio.pricing: Nobitex response received: asset=BTCIRT market=btc-rls http_status=<Mock name='get().status_code' id='136785449246672'>
2026-09-15 18:12:55,911 INFO portfolio.pricing: Nobitex price parsed: asset=BTCIRT market=btc-rls price=12345 currency=IRT captured_at=2026-09-15T14:42:55.911780+00:00
2026-09-15 18:12:55,915 INFO portfolio.pricing: Nobitex request started: asset=BTCUSDT market=btc-usdt url=https://apiv2.nobitex.ir/market/stats
2026-09-15 18:12:55,915 INFO portfolio.pricing: Nobitex response received: asset=BTCUSDT market=btc-usdt http_status=<Mock name='get().status_code' id='136785449248352'>
2026-09-15 18:12:55,915 INFO portfolio.pricing: Nobitex price parsed: asset=BTCUSDT market=btc-usdt price=65000.5 currency=USDT captured_at=2026-09-15T14:42:55.915410+00:00
2026-09-15 18:16:14,180 INFO portfolio.pricing: Nobitex request started: asset=BTCIRT market=btc-rls url=https://apiv2.nobitex.ir/market/stats
2026-09-15 18:16:14,180 INFO portfolio.pricing: Nobitex response received: asset=BTCIRT market=btc-rls http_status=<Mock name='get().status_code' id='126461520421152'>
2026-09-15 18:16:14,180 INFO portfolio.pricing: Nobitex price parsed: asset=BTCIRT market=btc-rls price=12345 currency=IRT captured_at=2026-09-15T14:46:14.180344+00:00
2026-09-15 18:16:14,183 INFO portfolio.pricing: Nobitex request started: asset=BTCUSDT market=btc-usdt url=https://apiv2.nobitex.ir/market/stats
2026-09-15 18:16:14,183 INFO portfolio.pricing: Nobitex response received: asset=BTCUSDT market=btc-usdt http_status=<Mock name='get().status_code' id='126461520422832'>
2026-09-15 18:16:14,184 INFO portfolio.pricing: Nobitex price parsed: asset=BTCUSDT market=btc-usdt price=65000.5 currency=USDT captured_at=2026-09-15T14:46:14.184001+00:00
2026-09-15 18:18:28,433 INFO portfolio.pricing: Nobitex request started: asset=BTCIRT market=btc-rls url=https://apiv2.nobitex.ir/market/stats
2026-09-15 18:18:28,433 INFO portfolio.pricing: Nobitex response received: asset=BTCIRT market=btc-rls http_status=<Mock name='get().status_code' id='140087816707376'>
2026-09-15 18:18:28,433 INFO portfolio.pricing: Nobitex price parsed: asset=BTCIRT market=btc-rls price=12345 currency=IRT captured_at=2026-09-15T14:48:28.433502+00:00
2026-09-15 18:18:28,437 INFO portfolio.pricing: Nobitex request started: asset=BTCUSDT market=btc-usdt url=https://apiv2.nobitex.ir/market/stats
2026-09-15 18:18:28,437 INFO portfolio.pricing: Nobitex response received: asset=BTCUSDT market=btc-usdt http_status=<Mock name='get().status_code' id='140087816709056'>
2026-09-15 18:18:28,437 INFO portfolio.pricing: Nobitex price parsed: asset=BTCUSDT market=btc-usdt price=65000.5 currency=USDT captured_at=2026-09-15T14:48:28.437692+00:00
2026-09-15 18:19:55,704 INFO portfolio.pricing: Nobitex request started: asset=ETH market=eth-usdt url=https://apiv2.nobitex.ir/market/stats
2026-09-15 18:19:55,840 INFO portfolio.pricing: Nobitex response received: asset=ETH market=eth-usdt http_status=200
2026-09-15 18:19:55,840 INFO portfolio.pricing: Nobitex price parsed: asset=ETH market=eth-usdt price=2413.81 currency=USDT captured_at=2026-09-15T14:49:55.840548+00:00
2026-09-15 18:19:55,846 INFO portfolio.pricing: Price snapshot stored: provider=NOBITEX asset=ETH price=2413.81 currency=USDT
2026-09-15 18:19:55,847 INFO portfolio.pricing: Nobitex request started: asset=BTC market=btc-usdt url=https://apiv2.nobitex.ir/market/stats
2026-09-15 18:19:55,977 INFO portfolio.pricing: Nobitex response received: asset=BTC market=btc-usdt http_status=200
2026-09-15 18:19:55,977 INFO portfolio.pricing: Nobitex price parsed: asset=BTC market=btc-usdt price=75651 currency=USDT captured_at=2026-09-15T14:49:55.977620+00:00
2026-09-15 18:19:55,991 INFO portfolio.pricing: Price snapshot stored: provider=NOBITEX asset=BTC price=75651 currency=USDT
2026-09-15 18:19:55,991 INFO portfolio.pricing: Nobitex request started: asset=USDT market=usdt-rls url=https://apiv2.nobitex.ir/market/stats
2026-09-15 18:19:56,114 INFO portfolio.pricing: Nobitex response received: asset=USDT market=usdt-rls http_status=200
2026-09-15 18:19:56,115 INFO portfolio.pricing: Nobitex price parsed: asset=USDT market=usdt-rls price=228997 currency=IRT captured_at=2026-09-15T14:49:56.115170+00:00
2026-09-15 18:19:56,119 INFO portfolio.pricing: Price snapshot stored: provider=NOBITEX asset=USDT price=228997 currency=IRT
2026-09-15 18:21:52,235 INFO portfolio.pricing: Nobitex request started: asset=BTCIRT market=btc-rls url=https://apiv2.nobitex.ir/market/stats
2026-09-15 18:21:52,236 INFO portfolio.pricing: Nobitex response received: asset=BTCIRT market=btc-rls http_status=<Mock name='get().status_code' id='131645168314960'>
2026-09-15 18:21:52,236 INFO portfolio.pricing: Nobitex price parsed: asset=BTCIRT market=btc-rls price=12345 currency=IRT captured_at=2026-09-15T14:51:52.236264+00:00
2026-09-15 18:21:52,239 INFO portfolio.pricing: Nobitex request started: asset=BTCUSDT market=btc-usdt url=https://apiv2.nobitex.ir/market/stats
2026-09-15 18:21:52,239 INFO portfolio.pricing: Nobitex response received: asset=BTCUSDT market=btc-usdt http_status=<Mock name='get().status_code' id='131645168316976'>
2026-09-15 18:21:52,240 INFO portfolio.pricing: Nobitex price parsed: asset=BTCUSDT market=btc-usdt price=65000.5 currency=USDT captured_at=2026-09-15T14:51:52.240005+00:00
2026-09-15 18:23:25,007 INFO portfolio.pricing: Nobitex request started: asset=BTCIRT market=btc-rls url=https://apiv2.nobitex.ir/market/stats
2026-09-15 18:23:25,007 INFO portfolio.pricing: Nobitex response received: asset=BTCIRT market=btc-rls http_status=<Mock name='get().status_code' id='137350043511040'>
2026-09-15 18:23:25,007 INFO portfolio.pricing: Nobitex price parsed: asset=BTCIRT market=btc-rls price=12345 currency=IRT captured_at=2026-09-15T14:53:25.007664+00:00
2026-09-15 18:23:25,011 INFO portfolio.pricing: Nobitex request started: asset=BTCUSDT market=btc-usdt url=https://apiv2.nobitex.ir/market/stats
2026-09-15 18:23:25,011 INFO portfolio.pricing: Nobitex response received: asset=BTCUSDT market=btc-usdt http_status=<Mock name='get().status_code' id='137350043513056'>
2026-09-15 18:23:25,011 INFO portfolio.pricing: Nobitex price parsed: asset=BTCUSDT market=btc-usdt price=65000.5 currency=USDT captured_at=2026-09-15T14:53:25.011304+00:00
2026-09-15 18:26:05,207 INFO portfolio.pricing: Nobitex request started: asset=BTCIRT market=btc-rls url=https://apiv2.nobitex.ir/market/stats
2026-09-15 18:26:05,208 INFO portfolio.pricing: Nobitex response received: asset=BTCIRT market=btc-rls http_status=<Mock name='get().status_code' id='134077387368704'>
2026-09-15 18:26:05,208 INFO portfolio.pricing: Nobitex price parsed: asset=BTCIRT market=btc-rls price=12345 currency=IRT captured_at=2026-09-15T14:56:05.208326+00:00
2026-09-15 18:26:05,212 INFO portfolio.pricing: Nobitex request started: asset=BTCUSDT market=btc-usdt url=https://apiv2.nobitex.ir/market/stats
2026-09-15 18:26:05,212 INFO portfolio.pricing: Nobitex response received: asset=BTCUSDT market=btc-usdt http_status=<Mock name='get().status_code' id='134077387370720'>
2026-09-15 18:26:05,212 INFO portfolio.pricing: Nobitex price parsed: asset=BTCUSDT market=btc-usdt price=65000.5 currency=USDT captured_at=2026-09-15T14:56:05.212656+00:00
2026-09-16 14:10:06,482 INFO portfolio.pricing: Nobitex request started: asset=ETH market=eth-usdt url=https://apiv2.nobitex.ir/market/stats
2026-09-16 14:10:06,619 INFO portfolio.pricing: Nobitex response received: asset=ETH market=eth-usdt http_status=200
2026-09-16 14:10:06,619 INFO portfolio.pricing: Nobitex price parsed: asset=ETH market=eth-usdt price=2401.34 currency=USDT captured_at=2026-09-16T10:40:06.619148+00:00
2026-09-16 14:10:06,621 INFO portfolio.pricing: Price snapshot stored: provider=NOBITEX asset=ETH price=2401.34 currency=USDT
2026-09-16 14:10:06,621 INFO portfolio.pricing: Nobitex request started: asset=BTC market=btc-usdt url=https://apiv2.nobitex.ir/market/stats
2026-09-16 14:10:06,747 INFO portfolio.pricing: Nobitex response received: asset=BTC market=btc-usdt http_status=200
2026-09-16 14:10:06,748 INFO portfolio.pricing: Nobitex price parsed: asset=BTC market=btc-usdt price=75697.96 currency=USDT captured_at=2026-09-16T10:40:06.747964+00:00
2026-09-16 14:10:06,760 INFO portfolio.pricing: Price snapshot stored: provider=NOBITEX asset=BTC price=75697.96 currency=USDT
2026-09-16 14:10:06,760 INFO portfolio.pricing: Nobitex request started: asset=USDT market=usdt-rls url=https://apiv2.nobitex.ir/market/stats
2026-09-16 14:10:06,890 INFO portfolio.pricing: Nobitex response received: asset=USDT market=usdt-rls http_status=200
2026-09-16 14:10:06,891 INFO portfolio.pricing: Nobitex price parsed: asset=USDT market=usdt-rls price=230000 currency=IRT captured_at=2026-09-16T10:40:06.890958+00:00
2026-09-16 14:10:06,903 INFO portfolio.pricing: Price snapshot stored: provider=NOBITEX asset=USDT price=230000 currency=IRT
2026-09-16 14:35:45,650 INFO portfolio.pricing: Nobitex request started: asset=ETH market=eth-usdt url=https://apiv2.nobitex.ir/market/stats
2026-09-16 14:35:46,865 INFO portfolio.pricing: Nobitex response received: asset=ETH market=eth-usdt http_status=200
2026-09-16 14:35:46,865 INFO portfolio.pricing: Nobitex price parsed: asset=ETH market=eth-usdt price=2409.6 currency=USDT captured_at=2026-09-16T11:05:46.865747+00:00
2026-09-16 14:35:46,880 INFO portfolio.pricing: Price snapshot stored: provider=NOBITEX asset=ETH price=2409.6 currency=USDT
2026-09-16 14:35:46,881 INFO portfolio.pricing: Nobitex request started: asset=BTC market=btc-usdt url=https://apiv2.nobitex.ir/market/stats
2026-09-16 14:35:47,888 INFO portfolio.pricing: Nobitex response received: asset=BTC market=btc-usdt http_status=200
2026-09-16 14:35:47,888 INFO portfolio.pricing: Nobitex price parsed: asset=BTC market=btc-usdt price=75888.97 currency=USDT captured_at=2026-09-16T11:05:47.888767+00:00
2026-09-16 14:35:47,902 INFO portfolio.pricing: Price snapshot stored: provider=NOBITEX asset=BTC price=75888.97 currency=USDT
2026-09-16 14:35:47,902 INFO portfolio.pricing: Nobitex request started: asset=USDT market=usdt-rls url=https://apiv2.nobitex.ir/market/stats
2026-09-16 14:35:49,119 INFO portfolio.pricing: Nobitex response received: asset=USDT market=usdt-rls http_status=200
2026-09-16 14:35:49,120 INFO portfolio.pricing: Nobitex price parsed: asset=USDT market=usdt-rls price=230002 currency=IRT captured_at=2026-09-16T11:05:49.120039+00:00
2026-09-16 14:35:49,133 INFO portfolio.pricing: Price snapshot stored: provider=NOBITEX asset=USDT price=230002 currency=IRT
2026-09-16 14:35:49,133 INFO portfolio.pricing: Nobitex request started: asset=PD market=dot-usdt url=https://apiv2.nobitex.ir/market/stats
2026-09-16 14:35:50,192 INFO portfolio.pricing: Nobitex response received: asset=PD market=dot-usdt http_status=200
2026-09-16 14:35:50,193 INFO portfolio.pricing: Nobitex price parsed: asset=PD market=dot-usdt price=0.959 currency=USDT captured_at=2026-09-16T11:05:50.193182+00:00
2026-09-16 14:35:50,206 INFO portfolio.pricing: Price snapshot stored: provider=NOBITEX asset=PD price=0.959 currency=USDT
2026-09-18 17:55:43,560 INFO portfolio.pricing: Nobitex request started: asset=ETH market=eth-usdt url=https://apiv2.nobitex.ir/market/stats
2026-09-18 17:55:43,867 INFO portfolio.pricing: Nobitex response received: asset=ETH market=eth-usdt http_status=200
2026-09-18 17:55:43,867 INFO portfolio.pricing: Nobitex price parsed: asset=ETH market=eth-usdt price=2570.7 currency=USDT captured_at=2026-09-18T14:25:43.867466+00:00
2026-09-18 17:55:43,879 INFO portfolio.pricing: Price snapshot stored: provider=NOBITEX asset=ETH price=2570.7 currency=USDT
2026-09-18 17:55:43,879 INFO portfolio.pricing: Nobitex request started: asset=BTC market=btc-usdt url=https://apiv2.nobitex.ir/market/stats
2026-09-18 17:55:44,152 INFO portfolio.pricing: Nobitex response received: asset=BTC market=btc-usdt http_status=200
2026-09-18 17:55:44,152 INFO portfolio.pricing: Nobitex price parsed: asset=BTC market=btc-usdt price=80124.99 currency=USDT captured_at=2026-09-18T14:25:44.152414+00:00
2026-09-18 17:55:44,164 INFO portfolio.pricing: Price snapshot stored: provider=NOBITEX asset=BTC price=80124.99 currency=USDT
2026-09-18 17:55:44,164 INFO portfolio.pricing: Nobitex request started: asset=USDT market=usdt-rls url=https://apiv2.nobitex.ir/market/stats
2026-09-18 17:55:44,454 INFO portfolio.pricing: Nobitex response received: asset=USDT market=usdt-rls http_status=200
2026-09-18 17:55:44,454 INFO portfolio.pricing: Nobitex price parsed: asset=USDT market=usdt-rls price=227499 currency=IRT captured_at=2026-09-18T14:25:44.454894+00:00
2026-09-18 17:55:44,466 INFO portfolio.pricing: Price snapshot stored: provider=NOBITEX asset=USDT price=227499 currency=IRT
2026-09-18 17:55:44,467 INFO portfolio.pricing: Nobitex request started: asset=PD market=dot-usdt url=https://apiv2.nobitex.ir/market/stats
2026-09-18 17:55:44,750 INFO portfolio.pricing: Nobitex response received: asset=PD market=dot-usdt http_status=200
2026-09-18 17:55:44,750 INFO portfolio.pricing: Nobitex price parsed: asset=PD market=dot-usdt price=1.145 currency=USDT captured_at=2026-09-18T14:25:44.750909+00:00
2026-09-18 17:55:44,762 INFO portfolio.pricing: Price snapshot stored: provider=NOBITEX asset=PD price=1.145 currency=USDT
2026-09-18 18:15:14,792 INFO portfolio.pricing: Nobitex request started: asset=ETH market=eth-usdt url=https://apiv2.nobitex.ir/market/stats
2026-09-18 18:15:15,006 INFO portfolio.pricing: Nobitex response received: asset=ETH market=eth-usdt http_status=200
2026-09-18 18:15:15,007 INFO portfolio.pricing: Nobitex price parsed: asset=ETH market=eth-usdt price=2564.46 currency=USDT captured_at=2026-09-18T14:45:15.007724+00:00
2026-09-18 18:15:15,022 INFO portfolio.pricing: Price snapshot stored: provider=NOBITEX asset=ETH price=2564.46 currency=USDT
2026-09-18 18:15:15,022 INFO portfolio.pricing: Nobitex request started: asset=BTC market=btc-usdt url=https://apiv2.nobitex.ir/market/stats
2026-09-18 18:15:15,366 INFO portfolio.pricing: Nobitex response received: asset=BTC market=btc-usdt http_status=200
2026-09-18 18:15:15,367 INFO portfolio.pricing: Nobitex price parsed: asset=BTC market=btc-usdt price=79910.01 currency=USDT captured_at=2026-09-18T14:45:15.367242+00:00
2026-09-18 18:15:15,381 INFO portfolio.pricing: Price snapshot stored: provider=NOBITEX asset=BTC price=79910.01 currency=USDT
2026-09-18 18:15:15,381 INFO portfolio.pricing: Nobitex request started: asset=USDT market=usdt-rls url=https://apiv2.nobitex.ir/market/stats
2026-09-18 18:15:15,631 INFO portfolio.pricing: Nobitex response received: asset=USDT market=usdt-rls http_status=200
2026-09-18 18:15:15,632 INFO portfolio.pricing: Nobitex price parsed: asset=USDT market=usdt-rls price=227250 currency=IRT captured_at=2026-09-18T14:45:15.632187+00:00
2026-09-18 18:15:15,646 INFO portfolio.pricing: Price snapshot stored: provider=NOBITEX asset=USDT price=227250 currency=IRT
2026-09-18 18:15:15,646 INFO portfolio.pricing: Nobitex request started: asset=PD market=dot-usdt url=https://apiv2.nobitex.ir/market/stats
2026-09-18 18:15:15,877 INFO portfolio.pricing: Nobitex response received: asset=PD market=dot-usdt http_status=200
2026-09-18 18:15:15,877 INFO portfolio.pricing: Nobitex price parsed: asset=PD market=dot-usdt price=1.141 currency=USDT captured_at=2026-09-18T14:45:15.877708+00:00
2026-09-18 18:15:15,891 INFO portfolio.pricing: Price snapshot stored: provider=NOBITEX asset=PD price=1.141 currency=USDT
2026-09-18 18:15:15,900 INFO portfolio.pricing: TSETMC request started: asset=فولاد ins_code=46348559193224090
2026-09-18 18:15:19,148 INFO portfolio.pricing: TSETMC response received: asset=فولاد ins_code=46348559193224090 http_status=200
2026-09-18 18:15:19,164 INFO portfolio.pricing: Price snapshot stored: provider=TSETMC asset=فولاد price=331.7 currency=IRT
2026-09-19 09:27:14,059 INFO portfolio.pricing: Nobitex request started: asset=BTCIRT market=btc-rls url=https://apiv2.nobitex.ir/market/stats
2026-09-19 09:27:14,059 INFO portfolio.pricing: Nobitex response received: asset=BTCIRT market=btc-rls http_status=<Mock name='get().status_code' id='128116627192672'>
2026-09-19 09:27:14,059 INFO portfolio.pricing: Nobitex price parsed: asset=BTCIRT market=btc-rls price=12345 currency=IRT captured_at=2026-09-19T05:57:14.059731+00:00
2026-09-19 09:27:14,067 INFO portfolio.pricing: Nobitex request started: asset=BTCUSDT market=btc-usdt url=https://apiv2.nobitex.ir/market/stats
2026-09-19 09:27:14,067 INFO portfolio.pricing: Nobitex response received: asset=BTCUSDT market=btc-usdt http_status=<Mock name='get().status_code' id='128116625738448'>
2026-09-19 09:27:14,067 INFO portfolio.pricing: Nobitex price parsed: asset=BTCUSDT market=btc-usdt price=65000.5 currency=USDT captured_at=2026-09-19T05:57:14.067787+00:00
2026-09-19 09:27:14,084 INFO portfolio.pricing: TSETMC request started: asset=FOOLAD ins_code=35425587644337450
2026-09-19 09:27:14,084 INFO portfolio.pricing: TSETMC response received: asset=FOOLAD ins_code=35425587644337450 http_status=200
2026-09-19 09:27:19,417 INFO portfolio.pricing: Nobitex request started: asset=BTCIRT market=btc-rls url=https://apiv2.nobitex.ir/market/stats
2026-09-19 09:27:19,418 INFO portfolio.pricing: Nobitex response received: asset=BTCIRT market=btc-rls http_status=<Mock name='get().status_code' id='124142268494720'>
2026-09-19 09:27:19,418 INFO portfolio.pricing: Nobitex price parsed: asset=BTCIRT market=btc-rls price=12345 currency=IRT captured_at=2026-09-19T05:57:19.418625+00:00
2026-09-19 09:27:19,427 INFO portfolio.pricing: Nobitex request started: asset=BTCUSDT market=btc-usdt url=https://apiv2.nobitex.ir/market/stats
2026-09-19 09:27:19,427 INFO portfolio.pricing: Nobitex response received: asset=BTCUSDT market=btc-usdt http_status=<Mock name='get().status_code' id='124142268957424'>
2026-09-19 09:27:19,427 INFO portfolio.pricing: Nobitex price parsed: asset=BTCUSDT market=btc-usdt price=65000.5 currency=USDT captured_at=2026-09-19T05:57:19.427554+00:00
2026-09-19 09:27:19,444 INFO portfolio.pricing: TSETMC request started: asset=FOOLAD ins_code=35425587644337450
2026-09-19 09:27:19,444 INFO portfolio.pricing: TSETMC response received: asset=FOOLAD ins_code=35425587644337450 http_status=200
2026-09-19 12:29:34,097 INFO portfolio.pricing: Nobitex request started: asset=BTCIRT market=btc-rls url=https://apiv2.nobitex.ir/market/stats
2026-09-19 12:29:34,098 INFO portfolio.pricing: Nobitex response received: asset=BTCIRT market=btc-rls http_status=<Mock name='get().status_code' id='126222736699952'>
2026-09-19 12:29:34,098 INFO portfolio.pricing: Nobitex price parsed: asset=BTCIRT market=btc-rls price=12345 currency=IRT captured_at=2026-09-19T08:59:34.098228+00:00
2026-09-19 12:29:34,102 INFO portfolio.pricing: Nobitex request started: asset=BTCUSDT market=btc-usdt url=https://apiv2.nobitex.ir/market/stats
2026-09-19 12:29:34,102 INFO portfolio.pricing: Nobitex response received: asset=BTCUSDT market=btc-usdt http_status=<Mock name='get().status_code' id='126222737164000'>
2026-09-19 12:29:34,102 INFO portfolio.pricing: Nobitex price parsed: asset=BTCUSDT market=btc-usdt price=65000.5 currency=USDT captured_at=2026-09-19T08:59:34.102821+00:00
2026-09-19 12:36:29,789 INFO portfolio.pricing: Nobitex request started: asset=BTCIRT market=btc-rls url=https://apiv2.nobitex.ir/market/stats
2026-09-19 12:36:29,790 INFO portfolio.pricing: Nobitex response received: asset=BTCIRT market=btc-rls http_status=<Mock name='get().status_code' id='131379145635024'>
2026-09-19 12:36:29,790 INFO portfolio.pricing: Nobitex price parsed: asset=BTCIRT market=btc-rls price=12345 currency=IRT captured_at=2026-09-19T09:06:29.790299+00:00
2026-09-19 12:36:29,816 INFO portfolio.pricing: Nobitex request started: asset=BTCUSDT market=btc-usdt url=https://apiv2.nobitex.ir/market/stats
2026-09-19 12:36:29,816 INFO portfolio.pricing: Nobitex response received: asset=BTCUSDT market=btc-usdt http_status=<Mock name='get().status_code' id='131379144169120'>
2026-09-19 12:36:29,816 INFO portfolio.pricing: Nobitex price parsed: asset=BTCUSDT market=btc-usdt price=65000.5 currency=USDT captured_at=2026-09-19T09:06:29.816453+00:00
2026-09-19 15:48:50,628 INFO portfolio.pricing: Nobitex request started: asset=BTCIRT market=btc-rls url=https://apiv2.nobitex.ir/market/stats
2026-09-19 15:48:50,628 INFO portfolio.pricing: Nobitex response received: asset=BTCIRT market=btc-rls http_status=<Mock name='get().status_code' id='137722464716848'>
2026-09-19 15:48:50,629 INFO portfolio.pricing: Nobitex price parsed: asset=BTCIRT market=btc-rls price=12345 currency=IRT captured_at=2026-09-19T12:18:50.629021+00:00
2026-09-19 15:48:50,645 INFO portfolio.pricing: Nobitex request started: asset=BTCUSDT market=btc-usdt url=https://apiv2.nobitex.ir/market/stats
2026-09-19 15:48:50,645 INFO portfolio.pricing: Nobitex response received: asset=BTCUSDT market=btc-usdt http_status=<Mock name='get().status_code' id='137722464725920'>
2026-09-19 15:48:50,645 INFO portfolio.pricing: Nobitex price parsed: asset=BTCUSDT market=btc-usdt price=65000.5 currency=USDT captured_at=2026-09-19T12:18:50.645602+00:00
2026-09-19 15:48:50,653 INFO portfolio.pricing: TSETMC request started: asset=FOOLAD ins_code=35425587644337450
2026-09-19 15:48:50,653 INFO portfolio.pricing: TSETMC response received: asset=FOOLAD ins_code=35425587644337450 http_status=200
2026-09-19 15:56:16,324 INFO portfolio.pricing: Nobitex request started: asset=ETH market=eth-usdt url=https://apiv2.nobitex.ir/market/stats
2026-09-19 15:56:16,381 INFO portfolio.pricing: Nobitex response received: asset=ETH market=eth-usdt http_status=200
2026-09-19 15:56:16,381 INFO portfolio.pricing: Nobitex price parsed: asset=ETH market=eth-usdt price=2638.99 currency=USDT captured_at=2026-09-19T12:26:16.381571+00:00
2026-09-19 15:56:16,386 INFO portfolio.pricing: Price snapshot stored: provider=NOBITEX asset=ETH price=2638.99 currency=USDT
2026-09-19 15:56:16,386 INFO portfolio.pricing: Nobitex request started: asset=BTC market=btc-usdt url=https://apiv2.nobitex.ir/market/stats
2026-09-19 15:56:16,438 INFO portfolio.pricing: Nobitex response received: asset=BTC market=btc-usdt http_status=200
2026-09-19 15:56:16,439 INFO portfolio.pricing: Nobitex price parsed: asset=BTC market=btc-usdt price=81070 currency=USDT captured_at=2026-09-19T12:26:16.439159+00:00
2026-09-19 15:56:16,442 INFO portfolio.pricing: Price snapshot stored: provider=NOBITEX asset=BTC price=81070 currency=USDT
2026-09-19 15:56:16,442 INFO portfolio.pricing: Nobitex request started: asset=USDT market=usdt-rls url=https://apiv2.nobitex.ir/market/stats
2026-09-19 15:56:16,493 INFO portfolio.pricing: Nobitex response received: asset=USDT market=usdt-rls http_status=200
2026-09-19 15:56:16,493 INFO portfolio.pricing: Nobitex price parsed: asset=USDT market=usdt-rls price=229152 currency=IRT captured_at=2026-09-19T12:26:16.493868+00:00
2026-09-19 15:56:16,498 INFO portfolio.pricing: Price snapshot stored: provider=NOBITEX asset=USDT price=229152 currency=IRT
2026-09-19 15:56:16,498 INFO portfolio.pricing: Nobitex request started: asset=PD market=dot-usdt url=https://apiv2.nobitex.ir/market/stats
2026-09-19 15:56:16,591 INFO portfolio.pricing: Nobitex response received: asset=PD market=dot-usdt http_status=200
2026-09-19 15:56:16,591 INFO portfolio.pricing: Nobitex price parsed: asset=PD market=dot-usdt price=1.132 currency=USDT captured_at=2026-09-19T12:26:16.591514+00:00
2026-09-19 15:56:16,594 INFO portfolio.pricing: Price snapshot stored: provider=NOBITEX asset=PD price=1.132 currency=USDT
2026-09-19 15:56:16,604 INFO portfolio.pricing: TSETMC request started: asset=فولاد ins_code=46348559193224090
2026-09-19 15:56:16,646 INFO portfolio.pricing: TSETMC response received: asset=فولاد ins_code=46348559193224090 http_status=200
2026-09-19 15:56:16,650 INFO portfolio.pricing: Price snapshot stored: provider=TSETMC asset=فولاد price=330.0 currency=IRT
2026-09-19 16:21:43,123 INFO portfolio.pricing: Nobitex request started: asset=BTCIRT market=btc-rls url=https://apiv2.nobitex.ir/market/stats
2026-09-19 16:21:43,123 INFO portfolio.pricing: Nobitex response received: asset=BTCIRT market=btc-rls http_status=<Mock name='get().status_code' id='124451759425584'>
2026-09-19 16:21:43,124 INFO portfolio.pricing: Nobitex price parsed: asset=BTCIRT market=btc-rls price=12345 currency=IRT captured_at=2026-09-19T12:51:43.124108+00:00
2026-09-19 16:21:43,138 INFO portfolio.pricing: Nobitex request started: asset=BTCUSDT market=btc-usdt url=https://apiv2.nobitex.ir/market/stats
2026-09-19 16:21:43,139 INFO portfolio.pricing: Nobitex response received: asset=BTCUSDT market=btc-usdt http_status=<Mock name='get().status_code' id='124451759434992'>
2026-09-19 16:21:43,139 INFO portfolio.pricing: Nobitex price parsed: asset=BTCUSDT market=btc-usdt price=65000.5 currency=USDT captured_at=2026-09-19T12:51:43.139192+00:00
2026-09-19 16:21:43,147 INFO portfolio.pricing: TSETMC request started: asset=FOOLAD ins_code=35425587644337450
2026-09-19 16:21:43,147 INFO portfolio.pricing: TSETMC response received: asset=FOOLAD ins_code=35425587644337450 http_status=200
2026-09-19 16:22:01,393 INFO portfolio.pricing: Nobitex request started: asset=BTCIRT market=btc-rls url=https://apiv2.nobitex.ir/market/stats
2026-09-19 16:22:01,393 INFO portfolio.pricing: Nobitex response received: asset=BTCIRT market=btc-rls http_status=<Mock name='get().status_code' id='138113267563696'>
2026-09-19 16:22:01,393 INFO portfolio.pricing: Nobitex price parsed: asset=BTCIRT market=btc-rls price=12345 currency=IRT captured_at=2026-09-19T12:52:01.393350+00:00
2026-09-19 16:22:01,410 INFO portfolio.pricing: Nobitex request started: asset=BTCUSDT market=btc-usdt url=https://apiv2.nobitex.ir/market/stats
2026-09-19 16:22:01,410 INFO portfolio.pricing: Nobitex response received: asset=BTCUSDT market=btc-usdt http_status=<Mock name='get().status_code' id='138113268080592'>
2026-09-19 16:22:01,410 INFO portfolio.pricing: Nobitex price parsed: asset=BTCUSDT market=btc-usdt price=65000.5 currency=USDT captured_at=2026-09-19T12:52:01.410668+00:00
2026-09-19 17:18:29,845 INFO portfolio.pricing: Nobitex request started: asset=BTCIRT market=btc-rls url=https://apiv2.nobitex.ir/market/stats
2026-09-19 17:18:29,845 INFO portfolio.pricing: Nobitex response received: asset=BTCIRT market=btc-rls http_status=<Mock name='get().status_code' id='123349667038944'>
2026-09-19 17:18:29,845 INFO portfolio.pricing: Nobitex price parsed: asset=BTCIRT market=btc-rls price=12345 currency=IRT captured_at=2026-09-19T13:48:29.845948+00:00
2026-09-19 17:18:29,864 INFO portfolio.pricing: Nobitex request started: asset=BTCUSDT market=btc-usdt url=https://apiv2.nobitex.ir/market/stats
2026-09-19 17:18:29,864 INFO portfolio.pricing: Nobitex response received: asset=BTCUSDT market=btc-usdt http_status=<Mock name='get().status_code' id='123349667047680'>
2026-09-19 17:18:29,864 INFO portfolio.pricing: Nobitex price parsed: asset=BTCUSDT market=btc-usdt price=65000.5 currency=USDT captured_at=2026-09-19T13:48:29.864697+00:00
2026-09-19 17:18:29,873 INFO portfolio.pricing: TSETMC request started: asset=FOOLAD ins_code=35425587644337450
2026-09-19 17:18:29,873 INFO portfolio.pricing: TSETMC response received: asset=FOOLAD ins_code=35425587644337450 http_status=200
2026-09-19 17:18:39,507 INFO portfolio.pricing: Nobitex request started: asset=BTCIRT market=btc-rls url=https://apiv2.nobitex.ir/market/stats
2026-09-19 17:18:39,507 INFO portfolio.pricing: Nobitex response received: asset=BTCIRT market=btc-rls http_status=<Mock name='get().status_code' id='124079190853008'>
2026-09-19 17:18:39,507 INFO portfolio.pricing: Nobitex price parsed: asset=BTCIRT market=btc-rls price=12345 currency=IRT captured_at=2026-09-19T13:48:39.507688+00:00
2026-09-19 17:18:39,525 INFO portfolio.pricing: Nobitex request started: asset=BTCUSDT market=btc-usdt url=https://apiv2.nobitex.ir/market/stats
2026-09-19 17:18:39,525 INFO portfolio.pricing: Nobitex response received: asset=BTCUSDT market=btc-usdt http_status=<Mock name='get().status_code' id='124079190862416'>
2026-09-19 17:18:39,525 INFO portfolio.pricing: Nobitex price parsed: asset=BTCUSDT market=btc-usdt price=65000.5 currency=USDT captured_at=2026-09-19T13:48:39.525400+00:00
2026-09-19 17:18:39,534 INFO portfolio.pricing: TSETMC request started: asset=FOOLAD ins_code=35425587644337450
2026-09-19 17:18:39,534 INFO portfolio.pricing: TSETMC response received: asset=FOOLAD ins_code=35425587644337450 http_status=200
2026-09-19 17:25:41,120 INFO portfolio.pricing: Nobitex request started: asset=BTCIRT market=btc-rls url=https://apiv2.nobitex.ir/market/stats
2026-09-19 17:25:41,120 INFO portfolio.pricing: Nobitex response received: asset=BTCIRT market=btc-rls http_status=<Mock name='get().status_code' id='128352589253664'>
2026-09-19 17:25:41,121 INFO portfolio.pricing: Nobitex price parsed: asset=BTCIRT market=btc-rls price=12345 currency=IRT captured_at=2026-09-19T13:55:41.121057+00:00
2026-09-19 17:25:41,136 INFO portfolio.pricing: Nobitex request started: asset=BTCUSDT market=btc-usdt url=https://apiv2.nobitex.ir/market/stats
2026-09-19 17:25:41,136 INFO portfolio.pricing: Nobitex response received: asset=BTCUSDT market=btc-usdt http_status=<Mock name='get().status_code' id='128352589262400'>
2026-09-19 17:25:41,136 INFO portfolio.pricing: Nobitex price parsed: asset=BTCUSDT market=btc-usdt price=65000.5 currency=USDT captured_at=2026-09-19T13:55:41.136663+00:00
2026-09-19 17:30:02,893 INFO portfolio.pricing: Nobitex request started: asset=ETH market=eth-usdt url=https://apiv2.nobitex.ir/market/stats
2026-09-19 17:30:03,479 INFO portfolio.pricing: Nobitex response received: asset=ETH market=eth-usdt http_status=200
2026-09-19 17:30:03,479 INFO portfolio.pricing: Nobitex price parsed: asset=ETH market=eth-usdt price=2637.26 currency=USDT captured_at=2026-09-19T14:00:03.479889+00:00
2026-09-19 17:30:03,491 INFO portfolio.pricing: Price snapshot stored: provider=NOBITEX asset=ETH price=2637.26 currency=USDT
2026-09-19 17:30:03,492 INFO portfolio.pricing: Nobitex request started: asset=BNB market=bnb-usdt url=https://apiv2.nobitex.ir/market/stats
2026-09-19 17:30:03,968 INFO portfolio.pricing: Nobitex response received: asset=BNB market=bnb-usdt http_status=200
2026-09-19 17:30:03,968 INFO portfolio.pricing: Nobitex price parsed: asset=BNB market=bnb-usdt price=771.3021 currency=USDT captured_at=2026-09-19T14:00:03.968859+00:00
2026-09-19 17:30:03,973 INFO portfolio.pricing: Price snapshot stored: provider=NOBITEX asset=BNB price=771.3021 currency=USDT
2026-09-19 17:30:03,974 INFO portfolio.pricing: Nobitex request started: asset=BTC market=btc-usdt url=https://apiv2.nobitex.ir/market/stats
2026-09-19 17:30:04,505 INFO portfolio.pricing: Nobitex response received: asset=BTC market=btc-usdt http_status=200
2026-09-19 17:30:04,506 INFO portfolio.pricing: Nobitex price parsed: asset=BTC market=btc-usdt price=81092.04 currency=USDT captured_at=2026-09-19T14:00:04.505970+00:00
2026-09-19 17:30:04,520 INFO portfolio.pricing: Price snapshot stored: provider=NOBITEX asset=BTC price=81092.04 currency=USDT
2026-09-19 17:30:04,521 INFO portfolio.pricing: Nobitex request started: asset=USDT market=usdt-rls url=https://apiv2.nobitex.ir/market/stats
2026-09-19 17:30:07,579 WARNING portfolio.pricing: Nobitex request timed out: asset=USDT market=usdt-rls
2026-09-19 17:30:07,579 WARNING portfolio.pricing: Price refresh failed: provider=NOBITEX asset=USDT reason=Nobitex request timed out.
2026-09-19 17:30:07,579 INFO portfolio.pricing: Nobitex request started: asset=PD market=dot-usdt url=https://apiv2.nobitex.ir/market/stats
2026-09-19 17:30:09,779 INFO portfolio.pricing: Price refresh skipped: provider=NOBITEX reason=throttled interval=60s
2026-09-19 17:30:09,787 INFO portfolio.pricing: TSETMC request started: asset=فولاد ins_code=46348559193224090
2026-09-19 17:30:11,106 INFO portfolio.pricing: Nobitex response received: asset=PD market=dot-usdt http_status=200
2026-09-19 17:30:11,106 INFO portfolio.pricing: Nobitex price parsed: asset=PD market=dot-usdt price=1.133 currency=USDT captured_at=2026-09-19T14:00:11.106591+00:00
2026-09-19 17:30:11,120 INFO portfolio.pricing: Price snapshot stored: provider=NOBITEX asset=PD price=1.133 currency=USDT
2026-09-19 17:30:11,124 INFO portfolio.pricing: Price refresh skipped: provider=ABANTETHER reason=throttled interval=60s
2026-09-19 17:30:11,126 INFO portfolio.pricing: Price refresh skipped: provider=TSETMC reason=throttled interval=60s
2026-09-19 17:30:12,916 WARNING portfolio.pricing: Price refresh failed: provider=TSETMC asset=فولاد reason=TSETMC request timed out.
2026-09-19 17:30:12,930 INFO portfolio.pricing: Price refresh skipped: provider=RAHAVARD reason=throttled interval=60s
2026-09-20 17:24:58,579 INFO portfolio.pricing: Nobitex request started: asset=ETH market=eth-usdt url=https://apiv2.nobitex.ir/market/stats
2026-09-20 17:24:58,724 INFO portfolio.pricing: Nobitex response received: asset=ETH market=eth-usdt http_status=200
2026-09-20 17:24:58,724 INFO portfolio.pricing: Nobitex price parsed: asset=ETH market=eth-usdt price=2578.67 currency=USDT captured_at=2026-09-20T13:54:58.724786+00:00
2026-09-20 17:24:58,730 INFO portfolio.pricing: Price snapshot stored: provider=NOBITEX asset=ETH price=2578.67 currency=USDT
2026-09-20 17:24:58,730 INFO portfolio.pricing: Nobitex request started: asset=BNB market=bnb-usdt url=https://apiv2.nobitex.ir/market/stats
2026-09-20 17:24:58,867 INFO portfolio.pricing: Nobitex response received: asset=BNB market=bnb-usdt http_status=200
2026-09-20 17:24:58,868 INFO portfolio.pricing: Nobitex price parsed: asset=BNB market=bnb-usdt price=751 currency=USDT captured_at=2026-09-20T13:54:58.868045+00:00
2026-09-20 17:24:58,871 INFO portfolio.pricing: Price snapshot stored: provider=NOBITEX asset=BNB price=751 currency=USDT
2026-09-20 17:24:58,871 INFO portfolio.pricing: Nobitex request started: asset=BTC market=btc-usdt url=https://apiv2.nobitex.ir/market/stats
2026-09-20 17:24:58,999 INFO portfolio.pricing: Nobitex response received: asset=BTC market=btc-usdt http_status=200
2026-09-20 17:24:58,999 INFO portfolio.pricing: Nobitex price parsed: asset=BTC market=btc-usdt price=80450 currency=USDT captured_at=2026-09-20T13:54:58.999764+00:00
2026-09-20 17:24:59,001 INFO portfolio.pricing: Price snapshot stored: provider=NOBITEX asset=BTC price=80450 currency=USDT
2026-09-20 17:24:59,002 INFO portfolio.pricing: Nobitex request started: asset=USDT market=usdt-rls url=https://apiv2.nobitex.ir/market/stats
2026-09-20 17:24:59,131 INFO portfolio.pricing: Nobitex response received: asset=USDT market=usdt-rls http_status=200
2026-09-20 17:24:59,131 INFO portfolio.pricing: Nobitex price parsed: asset=USDT market=usdt-rls price=230300 currency=IRT captured_at=2026-09-20T13:54:59.131772+00:00
2026-09-20 17:24:59,144 INFO portfolio.pricing: Price snapshot stored: provider=NOBITEX asset=USDT price=230300 currency=IRT
2026-09-20 17:24:59,144 INFO portfolio.pricing: Nobitex request started: asset=PD market=dot-usdt url=https://apiv2.nobitex.ir/market/stats
2026-09-20 17:24:59,284 INFO portfolio.pricing: Nobitex response received: asset=PD market=dot-usdt http_status=200
2026-09-20 17:24:59,285 INFO portfolio.pricing: Nobitex price parsed: asset=PD market=dot-usdt price=1.104 currency=USDT captured_at=2026-09-20T13:54:59.284999+00:00
2026-09-20 17:24:59,298 INFO portfolio.pricing: Price snapshot stored: provider=NOBITEX asset=PD price=1.104 currency=USDT
2026-09-20 17:24:59,312 INFO portfolio.pricing: TSETMC request started: asset=فولاد ins_code=46348559193224090
2026-09-20 17:24:59,427 INFO portfolio.pricing: TSETMC response received: asset=فولاد ins_code=46348559193224090 http_status=200
2026-09-20 17:24:59,432 INFO portfolio.pricing: Price snapshot stored: provider=TSETMC asset=فولاد price=321.0 currency=IRT
2026-09-20 17:50:48,962 INFO portfolio.pricing: Nobitex request started: asset=BTCIRT market=btc-rls url=https://apiv2.nobitex.ir/market/stats
2026-09-20 17:50:48,962 INFO portfolio.pricing: Nobitex response received: asset=BTCIRT market=btc-rls http_status=<Mock name='get().status_code' id='138650673820544'>
2026-09-20 17:50:48,962 INFO portfolio.pricing: Nobitex price parsed: asset=BTCIRT market=btc-rls price=12345 currency=IRT captured_at=2026-09-20T14:20:48.962916+00:00
2026-09-20 17:50:48,987 INFO portfolio.pricing: Nobitex request started: asset=BTCUSDT market=btc-usdt url=https://apiv2.nobitex.ir/market/stats
2026-09-20 17:50:48,987 INFO portfolio.pricing: Nobitex response received: asset=BTCUSDT market=btc-usdt http_status=<Mock name='get().status_code' id='138650672633168'>
2026-09-20 17:50:48,987 INFO portfolio.pricing: Nobitex price parsed: asset=BTCUSDT market=btc-usdt price=65000.5 currency=USDT captured_at=2026-09-20T14:20:48.987644+00:00
2026-09-20 17:50:48,996 INFO portfolio.pricing: TSETMC request started: asset=FOOLAD ins_code=35425587644337450
2026-09-20 17:50:48,996 INFO portfolio.pricing: TSETMC response received: asset=FOOLAD ins_code=35425587644337450 http_status=200
2026-09-20 18:17:57,945 INFO portfolio.pricing: Nobitex request started: asset=ETH market=eth-usdt url=https://apiv2.nobitex.ir/market/stats
2026-09-20 18:17:58,073 INFO portfolio.pricing: Nobitex response received: asset=ETH market=eth-usdt http_status=200
2026-09-20 18:17:58,074 INFO portfolio.pricing: Nobitex price parsed: asset=ETH market=eth-usdt price=2582.34 currency=USDT captured_at=2026-09-20T14:47:58.074454+00:00
2026-09-20 18:17:58,088 INFO portfolio.pricing: Price snapshot stored: provider=NOBITEX asset=ETH price=2582.34 currency=USDT
2026-09-20 18:17:58,088 INFO portfolio.pricing: Nobitex request started: asset=BNB market=bnb-usdt url=https://apiv2.nobitex.ir/market/stats
2026-09-20 18:17:58,215 INFO portfolio.pricing: Nobitex response received: asset=BNB market=bnb-usdt http_status=200
2026-09-20 18:17:58,215 INFO portfolio.pricing: Nobitex price parsed: asset=BNB market=bnb-usdt price=754.9999 currency=USDT captured_at=2026-09-20T14:47:58.215486+00:00
2026-09-20 18:17:58,229 INFO portfolio.pricing: Price snapshot stored: provider=NOBITEX asset=BNB price=754.9999 currency=USDT
2026-09-20 18:17:58,229 INFO portfolio.pricing: Nobitex request started: asset=BTC market=btc-usdt url=https://apiv2.nobitex.ir/market/stats
2026-09-20 18:17:58,357 INFO portfolio.pricing: Nobitex response received: asset=BTC market=btc-usdt http_status=200
2026-09-20 18:17:58,358 INFO portfolio.pricing: Nobitex price parsed: asset=BTC market=btc-usdt price=80515.26 currency=USDT captured_at=2026-09-20T14:47:58.358097+00:00
2026-09-20 18:17:58,371 INFO portfolio.pricing: Price snapshot stored: provider=NOBITEX asset=BTC price=80515.26 currency=USDT
2026-09-20 18:17:58,371 INFO portfolio.pricing: Nobitex request started: asset=USDT market=usdt-rls url=https://apiv2.nobitex.ir/market/stats
2026-09-20 18:17:58,498 INFO portfolio.pricing: Nobitex response received: asset=USDT market=usdt-rls http_status=200
2026-09-20 18:17:58,498 INFO portfolio.pricing: Nobitex price parsed: asset=USDT market=usdt-rls price=229780 currency=IRT captured_at=2026-09-20T14:47:58.498863+00:00
2026-09-20 18:17:58,512 INFO portfolio.pricing: Price snapshot stored: provider=NOBITEX asset=USDT price=229780 currency=IRT
2026-09-20 18:17:58,513 INFO portfolio.pricing: Nobitex request started: asset=PD market=dot-usdt url=https://apiv2.nobitex.ir/market/stats
2026-09-20 18:17:58,642 INFO portfolio.pricing: Nobitex response received: asset=PD market=dot-usdt http_status=200
2026-09-20 18:17:58,642 INFO portfolio.pricing: Nobitex price parsed: asset=PD market=dot-usdt price=1.106 currency=USDT captured_at=2026-09-20T14:47:58.642504+00:00
2026-09-20 18:17:58,655 INFO portfolio.pricing: Price snapshot stored: provider=NOBITEX asset=PD price=1.106 currency=USDT
2026-09-20 18:17:58,670 INFO portfolio.pricing: TSETMC request started: asset=فولاد ins_code=46348559193224090
2026-09-20 18:17:58,781 INFO portfolio.pricing: TSETMC response received: asset=فولاد ins_code=46348559193224090 http_status=200
2026-09-20 18:17:58,793 INFO portfolio.pricing: Price snapshot stored: provider=TSETMC asset=فولاد price=321.0 currency=IRT
2026-09-20 18:17:58,799 WARNING portfolio.pricing: Price refresh failed: provider=RAHAVARD asset=طلا گرم 18 عیار reason=Rahavard price fetching is not configured yet; use manual pricing until its feed is added.
2026-09-20 18:20:42,413 INFO portfolio.pricing: Nobitex request started: asset=BTCIRT market=btc-rls url=https://apiv2.nobitex.ir/market/stats
2026-09-20 18:20:42,413 INFO portfolio.pricing: Nobitex response received: asset=BTCIRT market=btc-rls http_status=<Mock name='get().status_code' id='127295376156592'>
2026-09-20 18:20:42,413 INFO portfolio.pricing: Nobitex price parsed: asset=BTCIRT market=btc-rls price=12345 currency=IRT captured_at=2026-09-20T14:50:42.413959+00:00
2026-09-20 18:20:42,433 INFO portfolio.pricing: Nobitex request started: asset=BTCUSDT market=btc-usdt url=https://apiv2.nobitex.ir/market/stats
2026-09-20 18:20:42,433 INFO portfolio.pricing: Nobitex response received: asset=BTCUSDT market=btc-usdt http_status=<Mock name='get().status_code' id='127295374774288'>
2026-09-20 18:20:42,433 INFO portfolio.pricing: Nobitex price parsed: asset=BTCUSDT market=btc-usdt price=65000.5 currency=USDT captured_at=2026-09-20T14:50:42.433355+00:00
2026-09-20 18:20:53,274 INFO portfolio.pricing: Nobitex request started: asset=ETH market=eth-usdt url=https://apiv2.nobitex.ir/market/stats
2026-09-20 18:20:53,409 INFO portfolio.pricing: Nobitex response received: asset=ETH market=eth-usdt http_status=200
2026-09-20 18:20:53,409 INFO portfolio.pricing: Nobitex price parsed: asset=ETH market=eth-usdt price=2582.34 currency=USDT captured_at=2026-09-20T14:50:53.409522+00:00
2026-09-20 18:20:53,414 INFO portfolio.pricing: Price snapshot stored: provider=NOBITEX asset=ETH price=2582.34 currency=USDT
2026-09-20 18:20:53,414 INFO portfolio.pricing: Nobitex request started: asset=BNB market=bnb-usdt url=https://apiv2.nobitex.ir/market/stats
2026-09-20 18:20:53,540 INFO portfolio.pricing: Nobitex response received: asset=BNB market=bnb-usdt http_status=200
2026-09-20 18:20:53,540 INFO portfolio.pricing: Nobitex price parsed: asset=BNB market=bnb-usdt price=754.9999 currency=USDT captured_at=2026-09-20T14:50:53.540673+00:00
2026-09-20 18:20:53,553 INFO portfolio.pricing: Price snapshot stored: provider=NOBITEX asset=BNB price=754.9999 currency=USDT
2026-09-20 18:20:53,554 INFO portfolio.pricing: Nobitex request started: asset=BTC market=btc-usdt url=https://apiv2.nobitex.ir/market/stats
2026-09-20 18:20:53,688 INFO portfolio.pricing: Nobitex response received: asset=BTC market=btc-usdt http_status=200
2026-09-20 18:20:53,688 INFO portfolio.pricing: Nobitex price parsed: asset=BTC market=btc-usdt price=80506.89 currency=USDT captured_at=2026-09-20T14:50:53.688398+00:00
2026-09-20 18:20:53,701 INFO portfolio.pricing: Price snapshot stored: provider=NOBITEX asset=BTC price=80506.89 currency=USDT
2026-09-20 18:20:53,701 INFO portfolio.pricing: Nobitex request started: asset=USDT market=usdt-rls url=https://apiv2.nobitex.ir/market/stats
2026-09-20 18:20:53,832 INFO portfolio.pricing: Nobitex response received: asset=USDT market=usdt-rls http_status=200
2026-09-20 18:20:53,832 INFO portfolio.pricing: Nobitex price parsed: asset=USDT market=usdt-rls price=229604 currency=IRT captured_at=2026-09-20T14:50:53.832577+00:00
2026-09-20 18:20:53,844 INFO portfolio.pricing: Price snapshot stored: provider=NOBITEX asset=USDT price=229604 currency=IRT
2026-09-20 18:20:53,844 INFO portfolio.pricing: Nobitex request started: asset=PD market=dot-usdt url=https://apiv2.nobitex.ir/market/stats
2026-09-20 18:20:53,970 INFO portfolio.pricing: Nobitex response received: asset=PD market=dot-usdt http_status=200
2026-09-20 18:20:53,970 INFO portfolio.pricing: Nobitex price parsed: asset=PD market=dot-usdt price=1.103 currency=USDT captured_at=2026-09-20T14:50:53.970586+00:00
2026-09-20 18:20:53,984 INFO portfolio.pricing: Price snapshot stored: provider=NOBITEX asset=PD price=1.103 currency=USDT
2026-09-20 18:20:54,001 INFO portfolio.pricing: TSETMC request started: asset=فولاد ins_code=46348559193224090
2026-09-20 18:20:54,120 INFO portfolio.pricing: TSETMC response received: asset=فولاد ins_code=46348559193224090 http_status=200
2026-09-20 18:20:54,133 INFO portfolio.pricing: Price snapshot stored: provider=TSETMC asset=فولاد price=321.0 currency=IRT
2026-09-20 18:20:54,390 INFO portfolio.pricing: Price snapshot stored: provider=RAHAVARD asset=طلا گرم 18 عیار price=24011000 currency=IRT
